Global Variables                          Length    Position (RAM Beginning)
-------------------------------------------------------------------------
ACS_R                                     1         1     
ACS_L                                     1         2     
Speed                                     1         3     
Left_Dir                                  1         4     
Right_Dir                                 1         5     
Speed_Left                                2         7     
Speed_Right                               2         9     
Line_Sensor                               4         13    
x                                         2         15    
xalt                                      2         17    
don                                       2         19    
diff                                      2         21    
P                                         2         23    
D                                         2         25    
I                                         2         27    
P1                                        2         29    
D1                                        2         31    
I1                                        2         33    
drest                                     2         35    
y1                                        2         37    
y2                                        2         39    
sum                                       2         41    
ENCODER_RIGHT                             2         43    
ENCODER_LEFT                              2         45    
ENCODER_LEFT_CNT                          2         47    
ENCODER_RIGHT_CNT                         2         49    
ODO_LEFT                                  2         51    
ODO_RIGHT                                 2         53    
CNT1                                      2         55    
SW2                                       2         57    
left_dir                                  1         58    
right_dir                                 1         59    
POWER_LEFT                                2         61    
POWER_RIGHT                               2         63    
MOTOR_L                                   2         65    
MOTOR_R                                   2         67    
ERROR                                     2         69    
ERROR_LAST                                2         71    
Direction                                 2         73    
SPEED                                     2         75    
Total length: 75 bytes



Local Variables                           Length    Position (stack relative)
---------------------------------------------------------------------------
Function main()
Total length: 0 bytes


Function Motor_Init()
Total length: 0 bytes


Function LED_Init()
Total length: 0 bytes


Function ACS_Init()
sensitivity                               1         3     
Total length: 1 bytes


Function Check_Right()
Total length: 0 bytes


Function Check_Left()
Total length: 0 bytes


Function Forward()
Total length: 0 bytes


Function Backward()
Total length: 0 bytes


Function Turn_Left()
Total length: 0 bytes


Function Turn_Right()
Total length: 0 bytes


Function Status_LEDS()
Total length: 0 bytes


Function LineFollow()
Total length: 0 bytes


Function PRO_BOT128_INIT()
Total length: 0 bytes


Function BUTTON()
Total length: 0 bytes


Function SYSTEM_CNT()
--
irqcnt_sys                                2         0     
Total length: 2 bytes


Function FLL_ON()
Total length: 0 bytes


Function FLL_OFF()
Total length: 0 bytes


Function FLR_ON()
Total length: 0 bytes


Function FLR_OFF()
Total length: 0 bytes


Function BLL_ON()
Total length: 0 bytes


Function BLL_OFF()
Total length: 0 bytes


Function BLR_ON()
Total length: 0 bytes


Function BLR_OFF()
Total length: 0 bytes


Function ENC_RIGHT_ISR()
--
irqreq_r                                  2         0     
Total length: 2 bytes


Function ENC_LEFT_ISR()
--
irqreq_l                                  2         0     
Total length: 2 bytes


Function ODO_RESET()
Total length: 0 bytes


Function ENC_LED_ON()
Total length: 0 bytes


Function ENC_LED_OFF()
Total length: 0 bytes


Function BEEP()
Tone                                      2         5     
Periode                                   2         3     
Total length: 4 bytes


Function SOUND_LEVEL()
--
Level                                     2         0     
Total length: 2 bytes


Function LDR_LEFT()
--
Level                                     2         0     
Total length: 2 bytes


Function LDR_RIGHT()
--
Level                                     2         0     
Total length: 2 bytes


Function READ_LINE_LEFT()
--
Level                                     2         0     
Total length: 2 bytes


Function READ_LINE_RIGHT()
--
Level                                     2         0     
Total length: 2 bytes


Function LINE_LED_ON()
Total length: 0 bytes


Function LINE_LED_OFF()
Total length: 0 bytes


Function AKKU_SPG()
--
Volt                                      4         6     
Ref                                       4         2     
ADC_RAW                                   2         0     
Total length: 10 bytes


Function GET_ADC()
Channel                                   1         3     
Total length: 1 bytes


Function DRIVE_INIT()
Total length: 0 bytes


Function DRIVE_ON()
Total length: 0 bytes


Function DRIVE_OFF()
Total length: 0 bytes


Function DRIVE()
left                                      1         4     
right                                     1         3     
Total length: 2 bytes


Function MOTOR_POWER()
left                                      1         4     
right                                     1         3     
Total length: 2 bytes


Function MOTOR_DIR()
left                                      1         4     
right                                     1         3     
Total length: 2 bytes


Function MOTOR_STOP()
Total length: 0 bytes


Function DRIVE_FORWARD()
speed                                     1         3     
Total length: 1 bytes


Function GO_TURN()
distance                                  2         16    
degree                                    2         14    
speed                                     1         13    
--
encoder_cnt                               2         8     
drive_cnt                                 2         6     
diff                                      2         4     
speed_left                                2         2     
speed_right                               2         0     
Total length: 15 bytes


Function ACS_INIT()
sensitivity                               1         3     
Total length: 1 bytes


Function ACS_RIGHT()
--
ACS_Right                                 1         0     
Total length: 1 bytes


Function ACS_LEFT()
--
ACS_Left                                  1         0     
Total length: 1 bytes


Function DELAY_MS()
time                                      2         5     
--
x                                         2         0     
Total length: 4 bytes


Function GRAD_To_RAD()
Val                                       4         7     
--
X                                         4         0     
Total length: 8 bytes


Function RAD_To_GRAD()
Val                                       4         7     
--
X                                         4         0     
Total length: 8 bytes


Function MAKE_INT()
a                                         1         6     
b                                         1         5     
--
val                                       2         0     
Total length: 4 bytes


Function ABS_INT()
Val                                       2         5     
--
X_Save                                    2         0     
Total length: 4 bytes


Function ABS_SINGLE()
Val                                       4         7     
--
X_Save                                    4         0     
Total length: 8 bytes


